
------------------------
31.08.2023 16:07:53
roistatParams
Array
(
    [roistat] => nocookie
    [key] => ODVhYjIxN2IzZTQyNDFiZTQ0ODkyZDM5ZjkzOTZlOGY6MjI4MzI3
    [title] => Новый лид с формы: Забронировать
    [name] => Эдуард Гейнке
    [phone] => +77788375004
    [email] => Eduardo1111@bk.ru
    [comment] => 
    [fields] => Array
        (
            [landingPage] => {landingPage}
            [source] => {source}
            [city] => {city}
            [utmSource] => {utmSource}
            [utmMedium] => {utmMedium}
            [utmCampaign] => {utmCampaign}
            [utmTerm] => {utmTerm}
            [utmContent] => {utmContent}
        )

    [is_skip_sending] => 1
)

------------------------

------------------------
31.08.2023 16:08:08
roistatParams
Array
(
    [roistat] => nocookie
    [key] => ODVhYjIxN2IzZTQyNDFiZTQ0ODkyZDM5ZjkzOTZlOGY6MjI4MzI3
    [title] => Новый лид с формы: Забронировать
    [name] => Эдуард Гейнке
    [phone] => +77788375004
    [email] => Eduardo1111@bk.ru
    [comment] => 
    [fields] => Array
        (
            [landingPage] => {landingPage}
            [source] => {source}
            [city] => {city}
            [utmSource] => {utmSource}
            [utmMedium] => {utmMedium}
            [utmCampaign] => {utmCampaign}
            [utmTerm] => {utmTerm}
            [utmContent] => {utmContent}
        )

    [is_skip_sending] => 1
)

------------------------

------------------------
31.08.2023 16:17:19
roistatParams
Array
(
    [roistat] => nocookie
    [key] => ODVhYjIxN2IzZTQyNDFiZTQ0ODkyZDM5ZjkzOTZlOGY6MjI4MzI3
    [title] => Новый лид с формы: Забронировать
    [name] => Эдуард Гейнке
    [phone] => +77788375004
    [email] => Eduardo1111@bk.ru
    [comment] => 
    [fields] => Array
        (
            [landingPage] => {landingPage}
            [source] => {source}
            [city] => {city}
            [utmSource] => {utmSource}
            [utmMedium] => {utmMedium}
            [utmCampaign] => {utmCampaign}
            [utmTerm] => {utmTerm}
            [utmContent] => {utmContent}
        )

    [is_skip_sending] => 1
)

------------------------

------------------------
31.08.2023 16:20:34
roistatParams
Array
(
    [roistat] => nocookie
    [key] => ODVhYjIxN2IzZTQyNDFiZTQ0ODkyZDM5ZjkzOTZlOGY6MjI4MzI3
    [title] => Новый лид с формы: Забронировать
    [name] => Эдуард Гейнке
    [phone] => +77788375004
    [email] => Eduardo1111@bk.ru
    [comment] => 
    [fields] => Array
        (
            [landingPage] => {landingPage}
            [source] => {source}
            [city] => {city}
            [utmSource] => {utmSource}
            [utmMedium] => {utmMedium}
            [utmCampaign] => {utmCampaign}
            [utmTerm] => {utmTerm}
            [utmContent] => {utmContent}
        )

    [is_skip_sending] => 1
)

------------------------
